// Vitest Snapshot v1, https://vitest.dev/guide/snapshot.html

exports[`ReplyPage - Snapshots > matches snapshot for the reply page 1`] = `
<main
  class="fixed inset-0 z-50 flex h-dvh min-h-dvh flex-col overflow-y-auto bg-background"
>
  <header
    class="sticky top-0 z-10 grid grid-cols-[2.25rem_1fr_2.25rem] items-center gap-2 border-b bg-background px-3 py-2"
  >
    <button
      aria-label="Back"
      class="inline-flex items-center justify-center gap-2 whitespace-nowrap text-sm transition-all disabled:pointer-events-none disabled:opacity-50 [&_svg]:pointer-events-none [&_svg:not([class*=\\"size-\\"])]:size-4 shrink-0 [&_svg]:shrink-0 outline-none focus-visible:border-ring focus-visible:ring-ring/50 focus-visible:ring-[3px] aria-invalid:ring-destructive/40 aria-invalid:border-destructive font-semibold cursor-pointer rounded-full border shadow-xs hover:text-accent-foreground hover:bg-accent/50 border-none size-9"
      data-size="icon"
      data-slot="button"
      data-variant="ghost"
    >
      <svg
        aria-hidden="true"
        class="lucide lucide-arrow-left size-5"
        fill="none"
        height="24"
        stroke="currentColor"
        stroke-linecap="round"
        stroke-linejoin="round"
        stroke-width="2"
        viewBox="0 0 24 24"
        width="24"
        xmlns="http://www.w3.org/2000/svg"
      >
        <path
          d="m12 19-7-7 7-7"
        />
        <path
          d="M19 12H5"
        />
      </svg>
    </button>
    <h1
      class="text-foreground text-center text-lg font-bold"
      data-testid="typography"
    >
      Reply
    </h1>
    <span
      aria-hidden="true"
    />
  </header>
  <div
    data-post-id="author:snapshot-post"
    data-presentation="page"
    data-testid="reply-composer"
  >
    <button
      type="button"
    >
      Complete reply
    </button>
  </div>
  <div
    data-open="false"
    data-testid="discard-dialog"
  >
    <button
      type="button"
    >
      Confirm discard
    </button>
  </div>
</main>
`;
