// Vitest Snapshot v1, https://vitest.dev/guide/snapshot.html

exports[`RootContainer - Snapshots > matches the English document snapshot 1`] = `"<html lang=\\"en\\" dir=\\"ltr\\" data-testid=\\"container\\" class=\\"mx-auto w-full flex-col flex\\"><head></head><body data-testid=\\"container\\" class=\\"mx-auto w-full flex-col flex --font-inter-tight antialiased\\"><script id=\\"pubky-runtime-config\\">window.__PUBKY_CONFIG__ = {};</script><div data-testid=\\"page-container\\" class=\\"w-full mx-auto\\"><main>Content</main></div></body></html>"`;
