// Vitest Snapshot v1, https://vitest.dev/guide/snapshot.html

exports[`ReplyComposer - Snapshots > matches snapshot for the routed page presentation 1`] = `
<div
  class="mx-auto w-full flex-col flex min-h-0 flex-1 gap-3 overflow-x-hidden overscroll-contain px-4 py-3 pb-[max(1rem,env(safe-area-inset-bottom))]"
  data-testid="container"
>
  <div
    class="max-h-40 shrink-0 overflow-hidden rounded-md"
    data-testid="container"
    inert=""
  >
    <div
      data-interactive-actions="false"
      data-navigable="false"
      data-post-id="author:snapshot-post"
      data-testid="post-preview"
    />
  </div>
  <div
    class="relative w-full min-w-0"
    data-testid="container"
  >
    <div
      data-post-id="author:snapshot-post"
      data-show-thread="false"
      data-testid="post-input"
    />
  </div>
</div>
`;
