// Vitest Snapshot v1, https://vitest.dev/guide/snapshot.html

exports[`BookmarksItems - Snapshots > matches the snapshot 1`] = `
<div
  class="mx-auto w-full flex-col flex min-w-0 flex-1 gap-6"
  data-testid="container"
>
  <div
    data-target-kind="bookmark"
    data-testid="add-content-dialog"
  />
  <div
    data-show-end-message="false"
    data-testid="timeline-grid-posts"
  >
    <div
      data-testid="feed-empty-slot"
    >
      <div
        class="w-full"
        data-testid="collection-items-empty"
      >
        <p
          class="text-center text-base font-medium text-muted-foreground"
          data-testid="typography"
        >
          collections.single.empty
        </p>
      </div>
    </div>
  </div>
</div>
`;
